// Jest Snapshot v1, https://goo.gl/fbAQLP

exports[`<SignUp /> Renders SignUp screen 1`] = `
<View
  onLayout={[Function]}
  style={
    Array [
      Object {
        "backgroundColor": "rgb(245,245,245)",
        "flex": 1,
      },
      Object {
        "paddingBottom": 0,
      },
    ]
  }
>
  <View
    accessible={true}
    focusable={true}
    onClick={[Function]}
    onResponderGrant={[Function]}
    onResponderMove={[Function]}
    onResponderRelease={[Function]}
    onResponderTerminate={[Function]}
    onResponderTerminationRequest={[Function]}
    onStartShouldSetResponder={[Function]}
    style={
      Object {
        "flex": 1,
        "justifyContent": "center",
        "padding": 32,
        "width": "100%",
      }
    }
  >
    <View
      style={
        Object {
          "alignItems": "flex-start",
          "marginBottom": 24,
          "width": "100%",
        }
      }
    >
      <Text
        style={
          Object {
            "color": "rgb(150,150,150)",
            "fontWeight": "bold",
            "marginBottom": 6,
            "textTransform": "uppercase",
          }
        }
      >
        Username
      </Text>
      <TextInput
        name="username"
        onChangeText={[Function]}
        placeholder="Username"
        style={
          Object {
            "backgroundColor": "#FFFFFF",
            "borderColor": "rgb(120,120,120)",
            "borderRadius": 6,
            "borderWidth": 1,
            "fontSize": 16,
            "padding": 12,
            "width": "100%",
          }
        }
        value=""
      />
    </View>
    <View
      style={
        Object {
          "alignItems": "flex-start",
          "marginBottom": 24,
          "width": "100%",
        }
      }
    >
      <Text
        style={
          Object {
            "color": "rgb(150,150,150)",
            "fontWeight": "bold",
            "marginBottom": 6,
            "textTransform": "uppercase",
          }
        }
      >
        Email
      </Text>
      <TextInput
        keyboardType="email-address"
        name="email"
        onChangeText={[Function]}
        placeholder="Email"
        style={
          Object {
            "backgroundColor": "#FFFFFF",
            "borderColor": "rgb(120,120,120)",
            "borderRadius": 6,
            "borderWidth": 1,
            "fontSize": 16,
            "padding": 12,
            "width": "100%",
          }
        }
        value=""
      />
    </View>
    <View
      style={
        Object {
          "alignItems": "flex-start",
          "marginBottom": 24,
          "width": "100%",
        }
      }
    >
      <Text
        style={
          Object {
            "color": "rgb(150,150,150)",
            "fontWeight": "bold",
            "marginBottom": 6,
            "textTransform": "uppercase",
          }
        }
      >
        Password
      </Text>
      <TextInput
        name="password"
        onChangeText={[Function]}
        placeholder="Password"
        secureTextEntry={true}
        style={
          Object {
            "backgroundColor": "#FFFFFF",
            "borderColor": "rgb(120,120,120)",
            "borderRadius": 6,
            "borderWidth": 1,
            "fontSize": 16,
            "padding": 12,
            "width": "100%",
          }
        }
        value=""
      />
    </View>
    <View
      accessible={true}
      collapsable={false}
      focusable={true}
      onClick={[Function]}
      onResponderGrant={[Function]}
      onResponderMove={[Function]}
      onResponderRelease={[Function]}
      onResponderTerminate={[Function]}
      onResponderTerminationRequest={[Function]}
      onStartShouldSetResponder={[Function]}
      style={
        Object {
          "alignItems": "center",
          "backgroundColor": "#25273d",
          "borderRadius": 6,
          "opacity": 1,
          "padding": 12,
        }
      }
    >
      <Text
        style={
          Object {
            "color": "#FFFFFF",
            "fontSize": 18,
          }
        }
      >
        Sign Up
      </Text>
    </View>
  </View>
</View>
`;
